// Jest Snapshot v1, https://goo.gl/fbAQLP

exports[`Should Search to match snapshot 1`] = `
<div
  className=""
>
  <h1
    className="h2"
  >
    Resultados encontrados para "
    texto
    "
  </h1>
  <ul
    className="result-ul"
  />
</div>
`;
