// Jest Snapshot v1, https://goo.gl/fbAQLP

exports[`Should Search to match snapshot 1`] = `
<div
  className="input-container "
>
  <label
    className="label"
    htmlFor="1"
  >
    buscar
  </label>
  <input
    className="input"
    id="1"
    onBlur={[Function]}
    onChange={[Function]}
    onKeyUp={[Function]}
    placeholder="digite"
    type="text"
  />
</div>
`;
