// Jest Snapshot v1, https://goo.gl/fbAQLP

exports[`Should List to match snapshot 1`] = `
<ul
  className="list"
>
  <li>
    1
    name track 1
    10000
  </li>
  <li>
    2
    name track 2
    20000
  </li>
</ul>
`;
