// Jest Snapshot v1, https://goo.gl/fbAQLP

exports[`should render App component 1`] = `
<App>
  <h1>
    Teste
  </h1>
</App>
`;
