// Jest Snapshot v1, https://goo.gl/fbAQLP

exports[`Should Search to match snapshot 1`] = `
Array [
  <header
    className="page-header"
  >
    <img
      id="logo"
      src="mock-file"
    />
  </header>,
  <main
    className="container undefined"
  >
    conteudo
  </main>,
]
`;
